    Updating crates.io index
     Locking 95 packages to latest compatible versions
      Adding asn1-rs v0.7.2
      Adding asn1-rs-derive v0.6.0
      Adding asn1-rs-impl v0.2.0
      Adding base64 v0.23.1
      Adding bit-vec v0.9.1
      Adding chacha20 v0.10.2
      Adding data-encoding v2.11.1
      Adding der-parser v10.0.0
      Adding deranged v0.5.8
      Adding displaydoc v0.2.7
      Adding form_urlencoded v1.2.2
      Adding fs2 v0.4.3
      Adding getrandom v0.3.4
      Adding gloo-utils v0.2.0
      Adding hyper-rustls v0.27.10
      Adding icu_collections v2.3.0
      Adding icu_locale_core v2.3.0
      Adding icu_normalizer v2.3.0
      Adding icu_normalizer_data v2.3.0
      Adding icu_properties v2.3.0
      Adding icu_properties_data v2.3.0
      Adding icu_provider v2.3.1
      Adding idna v1.1.0
      Adding idna_adapter v1.2.2
      Adding ipnet v2.12.2
 Downgrading js-sys v0.3.106 -> v0.3.94 (available: v0.3.106)
      Adding litemap v0.8.3
      Adding lru-slab v0.1.3
      Adding num-bigint v0.4.8
      Adding num-conv v0.2.2
      Adding num-integer v0.1.47
      Adding num-traits v0.2.19
      Adding oid-registry v0.8.1
      Adding pem v4.0.0
      Adding potential_utf v0.1.6
      Adding powerfmt v0.2.1
      Adding ppv-lite86 v0.2.21
      Adding proptest v1.11.0
      Adding quinn v0.11.12
      Adding quinn-proto v0.11.19
      Adding quinn-udp v0.5.16
      Adding r-efi v5.3.0
      Adding rand v0.9.5
      Adding rand v0.10.3
      Adding rand_chacha v0.9.0
      Adding rand_core v0.9.5
      Adding rand_core v0.10.1
      Adding rand_pcg v0.10.2
      Adding rand_xorshift v0.4.0
      Adding rcgen v0.14.10
      Adding reqwest v0.12.28 (available: v0.13.5)
      Adding rusticata-macros v4.1.0
      Adding ryu v1.0.23
      Adding serde-wasm-bindgen v0.6.5
      Adding serde_derive_internals v0.29.1
      Adding serde_urlencoded v0.7.1
      Adding stable_deref_trait v1.2.1
      Adding synstructure v0.13.2
      Adding synstructure v0.14.0
      Adding time v0.3.55
      Adding time-core v0.1.9
      Adding time-macros v0.2.32
      Adding tinystr v0.8.4
      Adding tinyvec v1.13.3
      Adding tower-http v0.6.11
      Adding tsify v0.5.8
      Adding tsify-macros v0.5.8
      Adding unarray v0.1.4
      Adding url v2.5.8
      Adding utf8_iter v1.0.4
      Adding wasip2 v1.0.4+wasi-0.2.12
 Downgrading wasm-bindgen v0.2.129 -> v0.2.117 (available: v0.2.129)
      Adding wasm-bindgen-futures v0.4.67 (available: v0.4.79)
 Downgrading wasm-bindgen-macro v0.2.129 -> v0.2.117 (available: v0.2.129)
 Downgrading wasm-bindgen-macro-support v0.2.129 -> v0.2.117 (available: v0.2.129)
 Downgrading wasm-bindgen-shared v0.2.129 -> v0.2.117 (available: v0.2.129)
      Adding wasm-streams v0.4.2
      Adding web-sys v0.3.94 (available: v0.3.106)
      Adding web-time v1.1.0
      Adding winapi v0.3.9
      Adding winapi-i686-pc-windows-gnu v0.4.0
      Adding winapi-x86_64-pc-windows-gnu v0.4.0
      Adding wit-bindgen v0.57.1
      Adding writeable v0.6.4
      Adding x509-parser v0.18.1
      Adding yasna v0.6.0
      Adding yoke v0.8.3
      Adding yoke-derive v0.8.4
      Adding zerocopy v0.8.61
      Adding zerocopy-derive v0.8.61
      Adding zerofrom v0.1.8
      Adding zerofrom-derive v0.1.8
      Adding zerotrie v0.2.5
      Adding zerovec v0.11.8
      Adding zerovec-derive v0.11.6
   Compiling proc-macro2 v1.0.107
   Compiling quote v1.0.47
   Compiling unicode-ident v1.0.26
   Compiling libc v0.2.190
   Compiling pin-project-lite v0.2.17
   Compiling bytes v1.12.1
   Compiling futures-core v0.3.34
   Compiling futures-sink v0.3.34
   Compiling once_cell v1.21.4
   Compiling itoa v1.0.18
   Compiling slab v0.4.12
   Compiling anyhow v1.0.104
   Compiling shlex v2.0.1
   Compiling cfg-if v1.0.5
   Compiling find-msvc-tools v0.1.14
   Compiling tracing-core v0.1.36
   Compiling futures-channel v0.3.34
   Compiling either v1.19.0
   Compiling cc v1.6.0
   Compiling getrandom v0.4.3
   Compiling memchr v2.8.3
   Compiling http v1.5.0
   Compiling itertools v0.14.0
   Compiling hashbrown v0.17.1
   Compiling futures-task v0.3.34
   Compiling equivalent v1.0.2
   Compiling futures-io v0.3.34
   Compiling zeroize v1.9.1
   Compiling http-body v1.1.0
   Compiling indexmap v2.14.2
   Compiling bitflags v2.13.2
   Compiling syn v2.0.119
   Compiling syn v3.0.6
   Compiling rustls-pki-types v1.15.1
   Compiling tower-service v0.3.3
   Compiling ring v0.17.14
   Compiling prettyplease v0.2.37
   Compiling mio v1.2.4
   Compiling socket2 v0.6.5
   Compiling getrandom v0.2.17
   Compiling rustix v1.1.5
   Compiling untrusted v0.9.0
   Compiling serde_core v1.0.229
   Compiling pulldown-cmark v0.13.4
   Compiling httparse v1.10.1
   Compiling errno v0.3.14
   Compiling fnv v1.0.7
   Compiling unicase v2.10.0
   Compiling atomic-waker v1.1.2
   Compiling regex-syntax v0.8.11
   Compiling foldhash v0.1.5
   Compiling try-lock v0.2.5
   Compiling want v0.3.2
   Compiling hashbrown v0.15.5
   Compiling sync_wrapper v1.0.2
   Compiling regex-automata v0.4.18
   Compiling tower-layer v0.3.3
   Compiling httpdate v1.0.3
   Compiling smallvec v1.16.2
   Compiling typenum v1.20.1
   Compiling rustls v0.23.45
   Compiling tokio-macros v2.7.2
   Compiling futures-macro v0.3.34
   Compiling fixedbitset v0.5.7
   Compiling fastrand v2.5.0
   Compiling pulldown-cmark-to-cmark v22.0.3
   Compiling tempfile v3.27.0
   Compiling petgraph v0.8.3
   Compiling http-body-util v0.1.5
   Compiling tokio v1.53.2
   Compiling log v0.4.34
   Compiling futures-util v0.3.34
   Compiling regex v1.13.1
   Compiling tracing-attributes v0.1.31
   Compiling prost-derive v0.14.4
   Compiling hybrid-array v0.4.15
   Compiling heck v0.5.0
   Compiling multimap v0.10.1
   Compiling subtle v2.6.1
   Compiling mime v0.3.17
   Compiling pin-project-internal v1.1.13
   Compiling tonic-build v0.14.6
   Compiling protoc-bin-vendored-macos-x86_64 v3.3.0
   Compiling axum-core v0.5.6
   Compiling protoc-bin-vendored-linux-s390_64 v3.3.0
   Compiling protoc-bin-vendored-linux-x86_32 v3.3.0
   Compiling protoc-bin-vendored-win32 v3.3.0
   Compiling tracing v0.1.44
   Compiling protoc-bin-vendored-linux-aarch_64 v3.3.0
   Compiling protoc-bin-vendored-linux-ppcle_64 v3.3.0
   Compiling zmij v1.0.23
   Compiling protoc-bin-vendored-linux-x86_64 v3.3.0
   Compiling matchit v0.8.4
   Compiling percent-encoding v2.3.2
   Compiling prost v0.14.4
   Compiling protoc-bin-vendored-macos-aarch_64 v3.3.0
   Compiling pin-project v1.1.13
   Compiling protoc-bin-vendored v3.3.0
   Compiling rustls-webpki v0.103.15
   Compiling prost-types v0.14.4
   Compiling crypto-common v0.2.2
   Compiling block-buffer v0.12.1
   Compiling async-trait v0.1.92
   Compiling webpki-roots v1.0.9
   Compiling base64 v0.22.1
   Compiling prost-build v0.14.4
   Compiling const-oid v0.10.2
   Compiling num-conv v0.2.2
   Compiling deranged v0.5.8
   Compiling powerfmt v0.2.1
   Compiling serde_json v1.0.151
   Compiling thiserror v2.0.21
   Compiling time-core v0.1.9
   Compiling digest v0.11.3
   Compiling tonic-prost-build v0.14.6
   Compiling futures-executor v0.3.34
   Compiling tokio-util v0.7.19
   Compiling tokio-stream v0.1.19
   Compiling acyclic-stream v0.2.0 (/private/tmp/csharp-stream-c3d82376-mac/sdkgen-actors-c8-minimal/rust/crates/stream)
   Compiling time v0.3.55
   Compiling thiserror-impl v2.0.21
   Compiling h2 v0.4.20
   Compiling tower v0.5.3
   Compiling cpufeatures v0.3.1
   Compiling base64 v0.23.1
   Compiling yasna v0.6.0
   Compiling sha2 v0.11.0
   Compiling pem v4.0.0
   Compiling axum v0.8.9
   Compiling uuid v1.27.0
   Compiling acyclic-native-runtime v0.2.0 (/private/tmp/csharp-stream-c3d82376-mac/sdkgen-actors-c8-minimal/rust/crates/native-runtime)
   Compiling futures v0.3.34
   Compiling rcgen v0.14.10
   Compiling tokio-rustls v0.26.6
   Compiling hyper v1.12.0
   Compiling hyper-util v0.1.21
   Compiling hyper-timeout v0.5.2
   Compiling tonic v0.14.6
   Compiling tonic-prost v0.14.6
   Compiling actors-stream-tls-fixture v0.0.0 (/private/tmp/csharp-stream-c3d82376-mac/remote-fixture)
    Finished `release` profile [optimized] target(s) in 22.60s
