   Compiling proc-macro2 v1.0.107
   Compiling unicode-ident v1.0.26
   Compiling quote v1.0.47
   Compiling libc v0.2.190
   Compiling pin-project-lite v0.2.17
   Compiling bytes v1.12.1
   Compiling anyhow v1.0.104
   Compiling futures-core v0.3.34
   Compiling once_cell v1.21.4
   Compiling getrandom v0.4.3
   Compiling itoa v1.0.18
   Compiling serde_core v1.0.229
   Compiling cfg-if v1.0.5
   Compiling futures-sink v0.3.34
   Compiling futures-io v0.3.34
   Compiling bitflags v2.13.2
   Compiling hashbrown v0.17.1
   Compiling memchr v2.8.3
   Compiling equivalent v1.0.2
   Compiling slab v0.4.12
   Compiling rustix v1.1.5
   Compiling indexmap v2.14.2
   Compiling http v1.5.0
   Compiling futures-channel v0.3.34
   Compiling tracing-core v0.1.36
   Compiling shlex v2.0.1
   Compiling syn v3.0.6
   Compiling syn v2.0.119
   Compiling find-msvc-tools v0.1.14
   Compiling mio v1.2.4
   Compiling socket2 v0.6.5
   Compiling either v1.19.0
   Compiling itertools v0.14.0
   Compiling errno v0.3.14
   Compiling cc v1.6.0
   Compiling fastrand v2.5.0
   Compiling futures-task v0.3.34
   Compiling http-body v1.1.0
   Compiling heck v0.5.0
   Compiling httparse v1.10.1
   Compiling serde v1.0.229
   Compiling tempfile v3.27.0
   Compiling tower-service v0.3.3
   Compiling zeroize v1.9.1
   Compiling pulldown-cmark v0.13.4
   Compiling prettyplease v0.2.37
   Compiling rustls-pki-types v1.15.1
   Compiling getrandom v0.2.17
   Compiling try-lock v0.2.5
   Compiling regex-syntax v0.8.11
   Compiling unicase v2.10.0
   Compiling untrusted v0.9.0
   Compiling fnv v1.0.7
   Compiling foldhash v0.1.5
   Compiling atomic-waker v1.1.2
   Compiling hashbrown v0.15.5
   Compiling want v0.3.2
   Compiling ring v0.17.14
   Compiling sync_wrapper v1.0.2
   Compiling httpdate v1.0.3
   Compiling fixedbitset v0.5.7
   Compiling typenum v1.20.1
   Compiling regex-automata v0.4.18
   Compiling zmij v1.0.23
   Compiling tower-layer v0.3.3
   Compiling tokio-macros v2.7.2
   Compiling futures-macro v0.3.34
   Compiling serde_derive v1.0.229
   Compiling rustls v0.23.45
   Compiling smallvec v1.16.2
   Compiling hybrid-array v0.4.15
   Compiling pulldown-cmark-to-cmark v22.0.3
   Compiling petgraph v0.8.3
   Compiling tokio v1.53.2
   Compiling futures-util v0.3.34
   Compiling tracing-attributes v0.1.31
   Compiling prost-derive v0.14.4
   Compiling uniffi_internal_macros v0.31.0
   Compiling regex v1.13.1
   Compiling http-body-util v0.1.5
   Compiling tracing v0.1.44
   Compiling multimap v0.10.1
   Compiling serde_json v1.0.151
   Compiling mime v0.3.17
   Compiling log v0.4.34
   Compiling thiserror v2.0.21
   Compiling prost v0.14.4
   Compiling subtle v2.6.1
   Compiling autocfg v1.5.1
   Compiling axum-core v0.5.6
   Compiling pin-project-internal v1.1.13
   Compiling prost-types v0.14.4
   Compiling fs-err v2.11.0
   Compiling thiserror-impl v2.0.21
   Compiling tonic-build v0.14.6
   Compiling protoc-bin-vendored-win32 v3.3.0
   Compiling protoc-bin-vendored-linux-x86_32 v3.3.0
   Compiling protoc-bin-vendored-macos-aarch_64 v3.3.0
   Compiling camino v1.2.6
   Compiling protoc-bin-vendored-linux-aarch_64 v3.3.0
   Compiling matchit v0.8.4
   Compiling protoc-bin-vendored-linux-x86_64 v3.3.0
   Compiling percent-encoding v2.3.2
   Compiling protoc-bin-vendored-linux-s390_64 v3.3.0
   Compiling protoc-bin-vendored-macos-x86_64 v3.3.0
   Compiling prost-build v0.14.4
   Compiling winnow v1.0.4
   Compiling protoc-bin-vendored-linux-ppcle_64 v3.3.0
   Compiling protoc-bin-vendored v3.3.0
   Compiling pin-project v1.1.13
   Compiling toml_parser v1.1.3+spec-1.1.0
   Compiling tonic-prost-build v0.14.6
   Compiling rustls-webpki v0.103.15
   Compiling uniffi_pipeline v0.31.0
   Compiling tokio-util v0.7.19
   Compiling tokio-stream v0.1.19
   Compiling crypto-common v0.2.2
   Compiling block-buffer v0.12.1
   Compiling toml_datetime v0.7.5+spec-1.1.0
   Compiling serde_spanned v1.1.1
   Compiling async-trait v0.1.92
   Compiling h2 v0.4.20
   Compiling tower v0.5.3
   Compiling webpki-roots v1.0.9
   Compiling base64 v0.22.1
   Compiling axum v0.8.9
   Compiling winnow v0.7.15
   Compiling siphasher v1.0.4
   Compiling toml_writer v1.1.2+spec-1.1.0
   Compiling const-oid v0.10.2
   Compiling digest v0.11.3
   Compiling uniffi_meta v0.31.0
   Compiling cargo-platform v0.1.9
   Compiling acyclic-stream v0.2.0 (/private/tmp/csharp-stream-c3d82376-mac/sdkgen-actors-c8-minimal/rust/crates/stream)
   Compiling toml v0.9.12+spec-1.1.0
   Compiling async-compat v0.2.6
   Compiling futures-executor v0.3.34
   Compiling hyper v1.12.0
   Compiling semver v1.0.28
   Compiling cpufeatures v0.3.1
   Compiling static_assertions v1.1.0
   Compiling uniffi_core v0.31.0
   Compiling uniffi_macros v0.31.0
   Compiling cargo_metadata v0.19.2
   Compiling tokio-rustls v0.26.6
   Compiling sha2 v0.11.0
   Compiling futures v0.3.34
   Compiling acyclic-native-runtime v0.2.0 (/private/tmp/csharp-stream-c3d82376-mac/sdkgen-actors-c8-minimal/rust/crates/native-runtime)
   Compiling hyper-util v0.1.21
   Compiling uuid v1.27.0
   Compiling uniffi v0.31.0
   Compiling hyper-timeout v0.5.2
   Compiling tonic v0.14.6
   Compiling tonic-prost v0.14.6
   Compiling actors-stream-uniffi-kotlin-prototype v0.0.0 (/private/tmp/csharp-stream-c3d82376-mac/actors-stream-uniffi-kotlin-prototype)
    Finished `release` profile [optimized] target(s) in 27.30s
