Kani Rust Verifier 0.68.0 (cargo plugin)
CBMC 6.11.0
warning: use of an unstable feature
 --> <crate attribute>:1:12
  |
1 | ...re(register_tool)]
  |       ^^^^^^^^^^^^^
  |
  = note: requested on the command line with `--force-warn unstable-features`

warning: use of an unstable feature
 --> <crate attribute>:1:12
  |
1 | ...re(register_tool)]
  |       ^^^^^^^^^^^^^
  |
  = note: requested on the command line with `--force-warn unstable-features`

    Finished `dev` profile [unoptimized + debuginfo] target(s) in 0.83s
Checking harness v2::request::kani_proofs::part_number_has_the_inclusive_contract_bound...

VERIFICATION RESULT:
 ** 0 of 11 failed

VERIFICATION:- SUCCESSFUL
Verification Time: 0.04114795s

Checking harness v2::request::kani_proofs::upload_length_has_the_inclusive_contract_bound...

VERIFICATION RESULT:
 ** 0 of 12 failed

VERIFICATION:- SUCCESSFUL
Verification Time: 0.037348066s

Checking harness v2::request::kani_proofs::suffix_ranges_are_exact_for_nonempty_representations...

VERIFICATION RESULT:
 ** 0 of 75 failed (3 unreachable)

VERIFICATION:- SUCCESSFUL
Verification Time: 0.20862357s

Checking harness v2::request::kani_proofs::byte_ranges_are_exact_for_nonempty_representations...

VERIFICATION RESULT:
 ** 0 of 75 failed (2 unreachable)

VERIFICATION:- SUCCESSFUL
Verification Time: 0.73162585s

Manual Harness Summary:
Complete - 4 successfully verified harnesses, 0 failures, 4 total.
CARGO_KANI_EXIT=0
